Archive member included to satisfy reference by file (symbol)

/Applications/Ac6/SystemWorkbench.app/Contents/Eclipse/plugins/fr.ac6.mcu.externaltools.arm-none.macos64_1.17.0.201812190825/tools/compiler/bin/../lib/gcc/arm-none-eabi/7.3.1/../../../../arm-none-eabi/lib/thumb/v7e-m/fpv4-sp/hard/libc.a(lib_a-errno.o)
                              src/syscalls.o (__errno)
/Applications/Ac6/SystemWorkbench.app/Contents/Eclipse/plugins/fr.ac6.mcu.externaltools.arm-none.macos64_1.17.0.201812190825/tools/compiler/bin/../lib/gcc/arm-none-eabi/7.3.1/../../../../arm-none-eabi/lib/thumb/v7e-m/fpv4-sp/hard/libc.a(lib_a-exit.o)
                              /Applications/Ac6/SystemWorkbench.app/Contents/Eclipse/plugins/fr.ac6.mcu.externaltools.arm-none.macos64_1.17.0.201812190825/tools/compiler/bin/../lib/gcc/arm-none-eabi/7.3.1/../../../../arm-none-eabi/lib/thumb/v7e-m/fpv4-sp/hard/crt0.o (exit)
/Applications/Ac6/SystemWorkbench.app/Contents/Eclipse/plugins/fr.ac6.mcu.externaltools.arm-none.macos64_1.17.0.201812190825/tools/compiler/bin/../lib/gcc/arm-none-eabi/7.3.1/../../../../arm-none-eabi/lib/thumb/v7e-m/fpv4-sp/hard/libc.a(lib_a-impure.o)
                              /Applications/Ac6/SystemWorkbench.app/Contents/Eclipse/plugins/fr.ac6.mcu.externaltools.arm-none.macos64_1.17.0.201812190825/tools/compiler/bin/../lib/gcc/arm-none-eabi/7.3.1/../../../../arm-none-eabi/lib/thumb/v7e-m/fpv4-sp/hard/libc.a(lib_a-exit.o) (_global_impure_ptr)
/Applications/Ac6/SystemWorkbench.app/Contents/Eclipse/plugins/fr.ac6.mcu.externaltools.arm-none.macos64_1.17.0.201812190825/tools/compiler/bin/../lib/gcc/arm-none-eabi/7.3.1/../../../../arm-none-eabi/lib/thumb/v7e-m/fpv4-sp/hard/libc.a(lib_a-init.o)
                              /Applications/Ac6/SystemWorkbench.app/Contents/Eclipse/plugins/fr.ac6.mcu.externaltools.arm-none.macos64_1.17.0.201812190825/tools/compiler/bin/../lib/gcc/arm-none-eabi/7.3.1/../../../../arm-none-eabi/lib/thumb/v7e-m/fpv4-sp/hard/crt0.o (__libc_init_array)
/Applications/Ac6/SystemWorkbench.app/Contents/Eclipse/plugins/fr.ac6.mcu.externaltools.arm-none.macos64_1.17.0.201812190825/tools/compiler/bin/../lib/gcc/arm-none-eabi/7.3.1/../../../../arm-none-eabi/lib/thumb/v7e-m/fpv4-sp/hard/libc.a(lib_a-memcmp.o)
                              Third-Party/SEGGER/OS/SEGGER_SYSVIEW_FreeRTOS.o (memcmp)
/Applications/Ac6/SystemWorkbench.app/Contents/Eclipse/plugins/fr.ac6.mcu.externaltools.arm-none.macos64_1.17.0.201812190825/tools/compiler/bin/../lib/gcc/arm-none-eabi/7.3.1/../../../../arm-none-eabi/lib/thumb/v7e-m/fpv4-sp/hard/libc.a(lib_a-memcpy.o)
                              Third-Party/FreeRTOS/org/Source/queue.o (memcpy)
/Applications/Ac6/SystemWorkbench.app/Contents/Eclipse/plugins/fr.ac6.mcu.externaltools.arm-none.macos64_1.17.0.201812190825/tools/compiler/bin/../lib/gcc/arm-none-eabi/7.3.1/../../../../arm-none-eabi/lib/thumb/v7e-m/fpv4-sp/hard/libc.a(lib_a-memset.o)
                              /Applications/Ac6/SystemWorkbench.app/Contents/Eclipse/plugins/fr.ac6.mcu.externaltools.arm-none.macos64_1.17.0.201812190825/tools/compiler/bin/../lib/gcc/arm-none-eabi/7.3.1/../../../../arm-none-eabi/lib/thumb/v7e-m/fpv4-sp/hard/crt0.o (memset)
/Applications/Ac6/SystemWorkbench.app/Contents/Eclipse/plugins/fr.ac6.mcu.externaltools.arm-none.macos64_1.17.0.201812190825/tools/compiler/bin/../lib/gcc/arm-none-eabi/7.3.1/../../../../arm-none-eabi/lib/thumb/v7e-m/fpv4-sp/hard/libc.a(lib_a-strlen.o)
                              Third-Party/SEGGER/SEGGER/SEGGER_RTT.o (strlen)
/Applications/Ac6/SystemWorkbench.app/Contents/Eclipse/plugins/fr.ac6.mcu.externaltools.arm-none.macos64_1.17.0.201812190825/tools/compiler/bin/../lib/gcc/arm-none-eabi/7.3.1/../../../../arm-none-eabi/lib/thumb/v7e-m/fpv4-sp/hard/libc.a(lib_a-__call_atexit.o)
                              /Applications/Ac6/SystemWorkbench.app/Contents/Eclipse/plugins/fr.ac6.mcu.externaltools.arm-none.macos64_1.17.0.201812190825/tools/compiler/bin/../lib/gcc/arm-none-eabi/7.3.1/../../../../arm-none-eabi/lib/thumb/v7e-m/fpv4-sp/hard/libc.a(lib_a-exit.o) (__call_exitprocs)
/Applications/Ac6/SystemWorkbench.app/Contents/Eclipse/plugins/fr.ac6.mcu.externaltools.arm-none.macos64_1.17.0.201812190825/tools/compiler/bin/../lib/gcc/arm-none-eabi/7.3.1/../../../../arm-none-eabi/lib/thumb/v7e-m/fpv4-sp/hard/libc.a(lib_a-atexit.o)
                              /Applications/Ac6/SystemWorkbench.app/Contents/Eclipse/plugins/fr.ac6.mcu.externaltools.arm-none.macos64_1.17.0.201812190825/tools/compiler/bin/../lib/gcc/arm-none-eabi/7.3.1/../../../../arm-none-eabi/lib/thumb/v7e-m/fpv4-sp/hard/libc.a(lib_a-__call_atexit.o) (atexit)
/Applications/Ac6/SystemWorkbench.app/Contents/Eclipse/plugins/fr.ac6.mcu.externaltools.arm-none.macos64_1.17.0.201812190825/tools/compiler/bin/../lib/gcc/arm-none-eabi/7.3.1/../../../../arm-none-eabi/lib/thumb/v7e-m/fpv4-sp/hard/libc.a(lib_a-fini.o)
[...]
Memory Configuration

Name             Origin             Length             Attributes
FLASH            0x0000000008000000 0x0000000000080000 xr
RAM              0x0000000020000000 0x0000000000020000 xrw
*default*        0x0000000000000000 0xffffffffffffffff

Linker script and memory map

LOAD /Applications/Ac6/SystemWorkbench.app/Contents/Eclipse/plugins/fr.ac6.mcu.externaltools.arm-none.macos64_1.17.0.201812190825/tools/compiler/bin/../lib/gcc/arm-none-eabi/7.3.1/thumb/v7e-m/fpv4-sp/hard/crti.o
LOAD /Applications/Ac6/SystemWorkbench.app/Contents/Eclipse/plugins/fr.ac6.mcu.externaltools.arm-none.macos64_1.17.0.201812190825/tools/compiler/bin/../lib/gcc/arm-none-eabi/7.3.1/thumb/v7e-m/fpv4-sp/hard/crtbegin.o
LOAD /Applications/Ac6/SystemWorkbench.app/Contents/Eclipse/plugins/fr.ac6.mcu.externaltools.arm-none.macos64_1.17.0.201812190825/tools/compiler/bin/../lib/gcc/arm-none-eabi/7.3.1/../../../../arm-none-eabi/lib/thumb/v7e-m/fpv4-sp/hard/crt0.o
LOAD StdPeriph_Driver/src/misc.o
LOAD StdPeriph_Driver/src/stm32f4xx_adc.o
LOAD StdPeriph_Driver/src/stm32f4xx_can.o
LOAD StdPeriph_Driver/src/stm32f4xx_crc.o
LOAD StdPeriph_Driver/src/stm32f4xx_cryp.o
LOAD StdPeriph_Driver/src/stm32f4xx_cryp_aes.o
LOAD StdPeriph_Driver/src/stm32f4xx_cryp_des.o
LOAD StdPeriph_Driver/src/stm32f4xx_cryp_tdes.o
LOAD StdPeriph_Driver/src/stm32f4xx_dac.o
LOAD StdPeriph_Driver/src/stm32f4xx_dbgmcu.o
LOAD StdPeriph_Driver/src/stm32f4xx_dcmi.o
LOAD StdPeriph_Driver/src/stm32f4xx_dfsdm.o
LOAD StdPeriph_Driver/src/stm32f4xx_dma.o
LOAD StdPeriph_Driver/src/stm32f4xx_dma2d.o
LOAD StdPeriph_Driver/src/stm32f4xx_dsi.o
LOAD StdPeriph_Driver/src/stm32f4xx_exti.o
LOAD StdPeriph_Driver/src/stm32f4xx_flash.o
LOAD StdPeriph_Driver/src/stm32f4xx_flash_ramfunc.o
LOAD StdPeriph_Driver/src/stm32f4xx_gpio.o
LOAD StdPeriph_Driver/src/stm32f4xx_hash.o
LOAD StdPeriph_Driver/src/stm32f4xx_hash_md5.o
LOAD StdPeriph_Driver/src/stm32f4xx_hash_sha1.o
LOAD StdPeriph_Driver/src/stm32f4xx_i2c.o
LOAD StdPeriph_Driver/src/stm32f4xx_iwdg.o
LOAD StdPeriph_Driver/src/stm32f4xx_lptim.o
LOAD StdPeriph_Driver/src/stm32f4xx_ltdc.o
LOAD StdPeriph_Driver/src/stm32f4xx_pwr.o
LOAD StdPeriph_Driver/src/stm32f4xx_rcc.o
LOAD StdPeriph_Driver/src/stm32f4xx_rng.o
LOAD StdPeriph_Driver/src/stm32f4xx_rtc.o
LOAD StdPeriph_Driver/src/stm32f4xx_sai.o
LOAD StdPeriph_Driver/src/stm32f4xx_sdio.o
LOAD StdPeriph_Driver/src/stm32f4xx_spi.o
LOAD StdPeriph_Driver/src/stm32f4xx_syscfg.o
LOAD StdPeriph_Driver/src/stm32f4xx_tim.o
LOAD StdPeriph_Driver/src/stm32f4xx_usart.o
LOAD StdPeriph_Driver/src/stm32f4xx_wwdg.o
LOAD Third-Party/FreeRTOS/org/Source/croutine.o
LOAD Third-Party/FreeRTOS/org/Source/event_groups.o
LOAD Third-Party/FreeRTOS/org/Source/list.o
LOAD Third-Party/FreeRTOS/org/Source/queue.o
LOAD Third-Party/FreeRTOS/org/Source/stream_buffer.o
LOAD Third-Party/FreeRTOS/org/Source/tasks.o
LOAD Third-Party/FreeRTOS/org/Source/timers.o
LOAD Third-Party/FreeRTOS/org/Source/portable/GCC/ARM_CM4F/port.o
LOAD Third-Party/FreeRTOS/org/Source/portable/MemMang/heap_4.o
LOAD Third-Party/SEGGER/Config/SEGGER_SYSVIEW_Config_FreeRTOS.o
LOAD Third-Party/SEGGER/OS/SEGGER_SYSVIEW_FreeRTOS.o
LOAD Third-Party/SEGGER/SEGGER/SEGGER_RTT.o
LOAD Third-Party/SEGGER/SEGGER/SEGGER_SYSVIEW.o
LOAD src/main.o
LOAD src/syscalls.o
LOAD src/system_stm32f4xx.o
LOAD startup/startup_stm32f411xe.o
LOAD /Applications/Ac6/SystemWorkbench.app/Contents/Eclipse/plugins/fr.ac6.mcu.externaltools.arm-none.macos64_1.17.0.201812190825/tools/compiler/bin/../lib/gcc/arm-none-eabi/7.3.1/../../../../arm-none-eabi/lib/thumb/v7e-m/fpv4-sp/hard/libm.a
START GROUP
LOAD /Applications/Ac6/SystemWorkbench.app/Contents/Eclipse/plugins/fr.ac6.mcu.externaltools.arm-none.macos64_1.17.0.201812190825/tools/compiler/bin/../lib/gcc/arm-none-eabi/7.3.1/thumb/v7e-m/fpv4-sp/hard/libgcc.a
LOAD /Applications/Ac6/SystemWorkbench.app/Contents/Eclipse/plugins/fr.ac6.mcu.externaltools.arm-none.macos64_1.17.0.201812190825/tools/compiler/bin/../lib/gcc/arm-none-eabi/7.3.1/../../../../arm-none-eabi/lib/thumb/v7e-m/fpv4-sp/hard/libc.a
END GROUP
LOAD /Applications/Ac6/SystemWorkbench.app/Contents/Eclipse/plugins/fr.ac6.mcu.externaltools.arm-none.macos64_1.17.0.201812190825/tools/compiler/bin/../lib/gcc/arm-none-eabi/7.3.1/thumb/v7e-m/fpv4-sp/hard/crtend.o
LOAD /Applications/Ac6/SystemWorkbench.app/Contents/Eclipse/plugins/fr.ac6.mcu.externaltools.arm-none.macos64_1.17.0.201812190825/tools/compiler/bin/../lib/gcc/arm-none-eabi/7.3.1/thumb/v7e-m/fpv4-sp/hard/crtn.o
                0x0000000020020000                _estack = 0x20020000
                0x0000000000000200                _Min_Heap_Size = 0x200
                0x0000000000000400                _Min_Stack_Size = 0x400

.isr_vector     0x0000000008000000      0x198
                0x0000000008000000                . = ALIGN (0x4)
 *(.isr_vector)
 .isr_vector    0x0000000008000000      0x198 startup/startup_stm32f411xe.o
                0x0000000008000000                g_pfnVectors
                0x0000000008000198                . = ALIGN (0x4)

.text           0x00000000080001a0     0x4924
                0x00000000080001a0                . = ALIGN (0x4)
 *(.text)
 .text          0x00000000080001a0       0x40 /Applications/Ac6/SystemWorkbench.app/Contents/Eclipse/plugins/fr.ac6.mcu.externaltools.arm-none.macos64_1.17.0.201812190825/tools/compiler/bin/../lib/gcc/arm-none-eabi/7.3.1/thumb/v7e-m/fpv4-sp/hard/crtbegin.o
 .text          0x00000000080001e0      0x134 /Applications/Ac6/SystemWorkbench.app/Contents/Eclipse/plugins/fr.ac6.mcu.externaltools.arm-none.macos64_1.17.0.201812190825/tools/compiler/bin/../lib/gcc/arm-none-eabi/7.3.1/../../../../arm-none-eabi/lib/thumb/v7e-m/fpv4-sp/hard/libc.a(lib_a-memcpy.o)
                0x00000000080001e0                memcpy
 *(.text*)
 .text.RCC_DeInit
                0x0000000008000314       0x64 StdPeriph_Driver/src/stm32f4xx_rcc.o
                0x0000000008000314                RCC_DeInit
 .text.vListInitialise
                0x0000000008000378       0x40 Third-Party/FreeRTOS/org/Source/list.o
                0x0000000008000378                vListInitialise
 .text.vListInitialiseItem
                0x00000000080003b8       0x1a Third-Party/FreeRTOS/org/Source/list.o
                0x00000000080003b8                vListInitialiseItem
 .text.vListInsertEnd
                0x00000000080003d2       0x48 Third-Party/FreeRTOS/org/Source/list.o
                0x00000000080003d2                vListInsertEnd
 .text.vListInsert
                0x000000000800041a       0x72 Third-Party/FreeRTOS/org/Source/list.o
                0x000000000800041a                vListInsert
 .text.uxListRemove
                0x000000000800048c       0x54 Third-Party/FreeRTOS/org/Source/list.o
                0x000000000800048c                uxListRemove
 .text.xQueueGenericReset
                0x00000000080004e0       0xd0 Third-Party/FreeRTOS/org/Source/queue.o
                0x00000000080004e0                xQueueGenericReset
 .text.xQueueGenericCreate
                0x00000000080005b0       0x76 Third-Party/FreeRTOS/org/Source/queue.o
                0x00000000080005b0                xQueueGenericCreate
 .text.prvInitialiseNewQueue
                0x0000000008000626       0x52 Third-Party/FreeRTOS/org/Source/queue.o
 .text.xQueueGenericSend
                0x0000000008000678      0x244 Third-Party/FreeRTOS/org/Source/queue.o
                0x0000000008000678                xQueueGenericSend
 .text.xQueueGenericSendFromISR
                0x00000000080008bc      0x150 Third-Party/FreeRTOS/org/Source/queue.o
                0x00000000080008bc                xQueueGenericSendFromISR
 .text.xQueueReceive
                0x0000000008000a0c      0x228 Third-Party/FreeRTOS/org/Source/queue.o
                0x0000000008000a0c                xQueueReceive
 .text.prvCopyDataToQueue
                0x0000000008000c34       0xd4 Third-Party/FreeRTOS/org/Source/queue.o
 .text.prvCopyDataFromQueue
                0x0000000008000d08       0x4c Third-Party/FreeRTOS/org/Source/queue.o
 .text.prvUnlockQueue
                0x0000000008000d54       0xa4 Third-Party/FreeRTOS/org/Source/queue.o
 .text.prvIsQueueEmpty
                0x0000000008000df8       0x2c Third-Party/FreeRTOS/org/Source/queue.o
 .text.prvIsQueueFull
                0x0000000008000e24       0x30 Third-Party/FreeRTOS/org/Source/queue.o
 .text.vQueueAddToRegistry
                0x0000000008000e54       0x60 Third-Party/FreeRTOS/org/Source/queue.o
                0x0000000008000e54                vQueueAddToRegistry
 .text.vQueueWaitForMessageRestricted
                0x0000000008000eb4       0x68 Third-Party/FreeRTOS/org/Source/queue.o
                0x0000000008000eb4                vQueueWaitForMessageRestricted
 .text.xTaskCreate
                0x0000000008000f1c       0x82 Third-Party/FreeRTOS/org/Source/tasks.o
                0x0000000008000f1c                xTaskCreate
 .text.prvInitialiseNewTask
                0x0000000008000f9e      0x11c Third-Party/FreeRTOS/org/Source/tasks.o
 *fill*         0x00000000080010ba        0x2 
 .text.prvAddNewTaskToReadyList
                0x00000000080010bc      0x118 Third-Party/FreeRTOS/org/Source/tasks.o
 .text.vTaskStartScheduler
                0x00000000080011d4       0xb8 Third-Party/FreeRTOS/org/Source/tasks.o
                0x00000000080011d4                vTaskStartScheduler
 .text.vTaskSuspendAll
                0x000000000800128c       0x1c Third-Party/FreeRTOS/org/Source/tasks.o
                0x000000000800128c                vTaskSuspendAll
 .text.xTaskResumeAll
                0x00000000080012a8      0x140 Third-Party/FreeRTOS/org/Source/tasks.o
                0x00000000080012a8                xTaskResumeAll
 .text.xTaskGetTickCount
                0x00000000080013e8       0x20 Third-Party/FreeRTOS/org/Source/tasks.o
                0x00000000080013e8                xTaskGetTickCount
 .text.xTaskGetTickCountFromISR
                0x0000000008001408       0x24 Third-Party/FreeRTOS/org/Source/tasks.o
                0x0000000008001408                xTaskGetTickCountFromISR
 .text.xTaskIncrementTick
                0x000000000800142c      0x178 Third-Party/FreeRTOS/org/Source/tasks.o
                0x000000000800142c                xTaskIncrementTick
 .text.vTaskSwitchContext
                0x00000000080015a4       0xd0 Third-Party/FreeRTOS/org/Source/tasks.o
                0x00000000080015a4                vTaskSwitchContext
 .text.vTaskPlaceOnEventList
                0x0000000008001674       0x48 Third-Party/FreeRTOS/org/Source/tasks.o
                0x0000000008001674                vTaskPlaceOnEventList
 .text.vTaskPlaceOnEventListRestricted
                0x00000000080016bc       0x5c Third-Party/FreeRTOS/org/Source/tasks.o
                0x00000000080016bc                vTaskPlaceOnEventListRestricted
 .text.xTaskRemoveFromEventList
                0x0000000008001718       0xcc Third-Party/FreeRTOS/org/Source/tasks.o
                0x0000000008001718                xTaskRemoveFromEventList
 .text.vTaskInternalSetTimeOutState
                0x00000000080017e4       0x2c Third-Party/FreeRTOS/org/Source/tasks.o
                0x00000000080017e4                vTaskInternalSetTimeOutState
 .text.xTaskCheckForTimeOut
                0x0000000008001810       0xc0 Third-Party/FreeRTOS/org/Source/tasks.o
                0x0000000008001810                xTaskCheckForTimeOut
 .text.vTaskMissedYield
                0x00000000080018d0       0x18 Third-Party/FreeRTOS/org/Source/tasks.o
                0x00000000080018d0                vTaskMissedYield
 .text.prvIdleTask
                0x00000000080018e8       0x30 Third-Party/FreeRTOS/org/Source/tasks.o
 .text.prvInitialiseTaskLists
                0x0000000008001918       0x80 Third-Party/FreeRTOS/org/Source/tasks.o
 .text.prvCheckTasksWaitingTermination
                0x0000000008001998       0x58 Third-Party/FreeRTOS/org/Source/tasks.o
 .text.prvDeleteTCB
                0x00000000080019f0       0x20 Third-Party/FreeRTOS/org/Source/tasks.o
 .text.prvResetNextTaskUnblockTime
                0x0000000008001a10       0x40 Third-Party/FreeRTOS/org/Source/tasks.o
 .text.xTaskGetSchedulerState
                0x0000000008001a50       0x3c Third-Party/FreeRTOS/org/Source/tasks.o
                0x0000000008001a50                xTaskGetSchedulerState
 .text.xTaskPriorityDisinherit
                0x0000000008001a8c      0x110 Third-Party/FreeRTOS/org/Source/tasks.o
                0x0000000008001a8c                xTaskPriorityDisinherit
 .text.prvAddCurrentTaskToDelayedList
                0x0000000008001b9c       0xf0 Third-Party/FreeRTOS/org/Source/tasks.o
 .text.xTimerCreateTimerTask
                0x0000000008001c8c       0x64 Third-Party/FreeRTOS/org/Source/timers.o
                0x0000000008001c8c                xTimerCreateTimerTask
 .text.xTimerGenericCommand
                0x0000000008001cf0       0x98 Third-Party/FreeRTOS/org/Source/timers.o
                0x0000000008001cf0                xTimerGenericCommand
 .text.prvProcessExpiredTimer
                0x0000000008001d88       0x98 Third-Party/FreeRTOS/org/Source/timers.o
 .text.prvTimerTask
                0x0000000008001e20       0x24 Third-Party/FreeRTOS/org/Source/timers.o
 .text.prvProcessTimerOrBlockTask
                0x0000000008001e44       0x9c Third-Party/FreeRTOS/org/Source/timers.o
 .text.prvGetNextExpireTime
                0x0000000008001ee0       0x48 Third-Party/FreeRTOS/org/Source/timers.o
 .text.prvSampleTimeNow
                0x0000000008001f28       0x40 Third-Party/FreeRTOS/org/Source/timers.o
 .text.prvInsertTimerInActiveList
                0x0000000008001f68       0x84 Third-Party/FreeRTOS/org/Source/timers.o
 .text.prvProcessReceivedCommands
                0x0000000008001fec      0x188 Third-Party/FreeRTOS/org/Source/timers.o
 .text.prvSwitchTimerLists
                0x0000000008002174       0xc8 Third-Party/FreeRTOS/org/Source/timers.o
 .text.prvCheckForValidListAndQueue
                0x000000000800223c       0x6c Third-Party/FreeRTOS/org/Source/timers.o
 .text.pxPortInitialiseStack
                0x00000000080022a8       0x68 Third-Party/FreeRTOS/org/Source/portable/GCC/ARM_CM4F/port.o
                0x00000000080022a8                pxPortInitialiseStack
 .text.prvTaskExitError
                0x0000000008002310       0x54 Third-Party/FreeRTOS/org/Source/portable/GCC/ARM_CM4F/port.o
 *fill*         0x0000000008002364        0xc 
 .text.SVC_Handler
                0x0000000008002370       0x28 Third-Party/FreeRTOS/org/Source/portable/GCC/ARM_CM4F/port.o
                0x0000000008002370                SVC_Handler
 .text.prvPortStartFirstTask
                0x0000000008002398       0x28 Third-Party/FreeRTOS/org/Source/portable/GCC/ARM_CM4F/port.o
 .text.xPortStartScheduler
                0x00000000080023c0      0x13c Third-Party/FreeRTOS/org/Source/portable/GCC/ARM_CM4F/port.o
                0x00000000080023c0                xPortStartScheduler
 .text.vPortEnterCritical
                0x00000000080024fc       0x5c Third-Party/FreeRTOS/org/Source/portable/GCC/ARM_CM4F/port.o
                0x00000000080024fc                vPortEnterCritical
 .text.vPortExitCritical
                0x0000000008002558       0x50 Third-Party/FreeRTOS/org/Source/portable/GCC/ARM_CM4F/port.o
                0x0000000008002558                vPortExitCritical
 *fill*         0x00000000080025a8        0x8 
 .text.PendSV_Handler
                0x00000000080025b0       0x68 Third-Party/FreeRTOS/org/Source/portable/GCC/ARM_CM4F/port.o
                0x00000000080025b0                PendSV_Handler
 .text.SysTick_Handler
                0x0000000008002618       0x50 Third-Party/FreeRTOS/org/Source/portable/GCC/ARM_CM4F/port.o
                0x0000000008002618                SysTick_Handler
 .text.vPortSetupTimerInterrupt
                0x0000000008002668       0x48 Third-Party/FreeRTOS/org/Source/portable/GCC/ARM_CM4F/port.o
                0x0000000008002668                vPortSetupTimerInterrupt
 .text.vPortEnableVFP
                0x00000000080026b0       0x14 Third-Party/FreeRTOS/org/Source/portable/GCC/ARM_CM4F/port.o
 .text.vPortValidateInterruptPriority
                0x00000000080026c4       0x7c Third-Party/FreeRTOS/org/Source/portable/GCC/ARM_CM4F/port.o
                0x00000000080026c4                vPortValidateInterruptPriority
 .text.pvPortMalloc
                0x0000000008002740      0x184 Third-Party/FreeRTOS/org/Source/portable/MemMang/heap_4.o
                0x0000000008002740                pvPortMalloc
 .text.vPortFree
                0x00000000080028c4       0xb0 Third-Party/FreeRTOS/org/Source/portable/MemMang/heap_4.o
                0x00000000080028c4                vPortFree
 .text.prvHeapInit
                0x0000000008002974       0xc4 Third-Party/FreeRTOS/org/Source/portable/MemMang/heap_4.o
 .text.prvInsertBlockIntoFreeList
                0x0000000008002a38       0xb4 Third-Party/FreeRTOS/org/Source/portable/MemMang/heap_4.o
 .text._cbSendSystemDesc
                0x0000000008002aec       0x1c Third-Party/SEGGER/Config/SEGGER_SYSVIEW_Config_FreeRTOS.o
 .text.SEGGER_SYSVIEW_Conf
                0x0000000008002b08       0x2c Third-Party/SEGGER/Config/SEGGER_SYSVIEW_Config_FreeRTOS.o
                0x0000000008002b08                SEGGER_SYSVIEW_Conf
 .text._cbSendTaskList
                0x0000000008002b34       0x90 Third-Party/SEGGER/OS/SEGGER_SYSVIEW_FreeRTOS.o
 .text._cbGetTime
                0x0000000008002bc4       0x76 Third-Party/SEGGER/OS/SEGGER_SYSVIEW_FreeRTOS.o
 *fill*         0x0000000008002c3a        0x2 
 .text.SYSVIEW_AddTask
                0x0000000008002c3c       0xd0 Third-Party/SEGGER/OS/SEGGER_SYSVIEW_FreeRTOS.o
                0x0000000008002c3c                SYSVIEW_AddTask
 .text.SYSVIEW_SendTaskInfo
                0x0000000008002d0c       0x42 Third-Party/SEGGER/OS/SEGGER_SYSVIEW_FreeRTOS.o
                0x0000000008002d0c                SYSVIEW_SendTaskInfo
 *fill*         0x0000000008002d4e        0x2 
 .text._DoInit  0x0000000008002d50       0xa4 Third-Party/SEGGER/SEGGER/SEGGER_RTT.o
 .text.SEGGER_RTT_ReadNoLock
                0x0000000008002df4      0x104 Third-Party/SEGGER/SEGGER/SEGGER_RTT.o
                0x0000000008002df4                SEGGER_RTT_ReadNoLock
 .text.SEGGER_RTT_WriteSkipNoLock
                0x0000000008002ef8      0x120 Third-Party/SEGGER/SEGGER/SEGGER_RTT.o
                0x0000000008002ef8                SEGGER_RTT_WriteSkipNoLock
 .text.SEGGER_RTT_ConfigUpBuffer
                0x0000000008003018       0xd4 Third-Party/SEGGER/SEGGER/SEGGER_RTT.o
                0x0000000008003018                SEGGER_RTT_ConfigUpBuffer
 .text.SEGGER_RTT_ConfigDownBuffer
                0x00000000080030ec       0xd4 Third-Party/SEGGER/SEGGER/SEGGER_RTT.o
                0x00000000080030ec                SEGGER_RTT_ConfigDownBuffer
 .text._EncodeStr
                0x00000000080031c0       0x9a Third-Party/SEGGER/SEGGER/SEGGER_SYSVIEW.o
 .text._PreparePacket
                0x000000000800325a       0x18 Third-Party/SEGGER/SEGGER/SEGGER_SYSVIEW.o
 .text._HandleIncomingPacket
                0x0000000008003272       0xb8 Third-Party/SEGGER/SEGGER/SEGGER_SYSVIEW.o
 *fill*         0x000000000800332a        0x2 
 .text._TrySendOverflowPacket
                0x000000000800332c       0xe0 Third-Party/SEGGER/SEGGER/SEGGER_SYSVIEW.o
 .text._SendPacket
                0x000000000800340c      0x1a8 Third-Party/SEGGER/SEGGER/SEGGER_SYSVIEW.o
 .text.SEGGER_SYSVIEW_Init
                0x00000000080035b4       0x7c Third-Party/SEGGER/SEGGER/SEGGER_SYSVIEW.o
                0x00000000080035b4                SEGGER_SYSVIEW_Init
 .text.SEGGER_SYSVIEW_SetRAMBase
                0x0000000008003630       0x20 Third-Party/SEGGER/SEGGER/SEGGER_SYSVIEW.o
                0x0000000008003630                SEGGER_SYSVIEW_SetRAMBase
 .text.SEGGER_SYSVIEW_RecordVoid
                0x0000000008003650       0x3c Third-Party/SEGGER/SEGGER/SEGGER_SYSVIEW.o
                0x0000000008003650                SEGGER_SYSVIEW_RecordVoid
 .text.SEGGER_SYSVIEW_RecordU32
                0x000000000800368c       0x78 Third-Party/SEGGER/SEGGER/SEGGER_SYSVIEW.o
                0x000000000800368c                SEGGER_SYSVIEW_RecordU32
 .text.SEGGER_SYSVIEW_RecordU32x2
                0x0000000008003704       0xb4 Third-Party/SEGGER/SEGGER/SEGGER_SYSVIEW.o
                0x0000000008003704                SEGGER_SYSVIEW_RecordU32x2
 .text.SEGGER_SYSVIEW_RecordU32x3
                0x00000000080037b8       0xec Third-Party/SEGGER/SEGGER/SEGGER_SYSVIEW.o
                0x00000000080037b8                SEGGER_SYSVIEW_RecordU32x3
 .text.SEGGER_SYSVIEW_RecordU32x4
                0x00000000080038a4      0x124 Third-Party/SEGGER/SEGGER/SEGGER_SYSVIEW.o
                0x00000000080038a4                SEGGER_SYSVIEW_RecordU32x4
 .text.SEGGER_SYSVIEW_Start
                0x00000000080039c8      0x178 Third-Party/SEGGER/SEGGER/SEGGER_SYSVIEW.o
                0x00000000080039c8                SEGGER_SYSVIEW_Start
 .text.SEGGER_SYSVIEW_Stop
                0x0000000008003b40       0x4c Third-Party/SEGGER/SEGGER/SEGGER_SYSVIEW.o
                0x0000000008003b40                SEGGER_SYSVIEW_Stop
 .text.SEGGER_SYSVIEW_GetSysDesc
                0x0000000008003b8c      0x134 Third-Party/SEGGER/SEGGER/SEGGER_SYSVIEW.o
                0x0000000008003b8c                SEGGER_SYSVIEW_GetSysDesc
 .text.SEGGER_SYSVIEW_SendTaskInfo
                0x0000000008003cc0      0x1cc Third-Party/SEGGER/SEGGER/SEGGER_SYSVIEW.o
                0x0000000008003cc0                SEGGER_SYSVIEW_SendTaskInfo
 .text.SEGGER_SYSVIEW_SendTaskList
                0x0000000008003e8c       0x28 Third-Party/SEGGER/SEGGER/SEGGER_SYSVIEW.o
                0x0000000008003e8c                SEGGER_SYSVIEW_SendTaskList
 .text.SEGGER_SYSVIEW_SendSysDesc
                0x0000000008003eb4       0x48 Third-Party/SEGGER/SEGGER/SEGGER_SYSVIEW.o
                0x0000000008003eb4                SEGGER_SYSVIEW_SendSysDesc
 .text.SEGGER_SYSVIEW_RecordSystime
                0x0000000008003efc       0x60 Third-Party/SEGGER/SEGGER/SEGGER_SYSVIEW.o
                0x0000000008003efc                SEGGER_SYSVIEW_RecordSystime
 .text.SEGGER_SYSVIEW_RecordEnterISR
                0x0000000008003f5c       0x84 Third-Party/SEGGER/SEGGER/SEGGER_SYSVIEW.o
                0x0000000008003f5c                SEGGER_SYSVIEW_RecordEnterISR
 .text.SEGGER_SYSVIEW_RecordExitISR
                0x0000000008003fe0       0x38 Third-Party/SEGGER/SEGGER/SEGGER_SYSVIEW.o
                0x0000000008003fe0                SEGGER_SYSVIEW_RecordExitISR
 .text.SEGGER_SYSVIEW_RecordExitISRToScheduler
                0x0000000008004018       0x38 Third-Party/SEGGER/SEGGER/SEGGER_SYSVIEW.o
                0x0000000008004018                SEGGER_SYSVIEW_RecordExitISRToScheduler
 .text.SEGGER_SYSVIEW_OnIdle
                0x0000000008004050       0x38 Third-Party/SEGGER/SEGGER/SEGGER_SYSVIEW.o
                0x0000000008004050                SEGGER_SYSVIEW_OnIdle
 .text.SEGGER_SYSVIEW_OnTaskCreate
                0x0000000008004088       0x88 Third-Party/SEGGER/SEGGER/SEGGER_SYSVIEW.o
                0x0000000008004088                SEGGER_SYSVIEW_OnTaskCreate
 .text.SEGGER_SYSVIEW_OnTaskStartExec
                0x0000000008004110       0x88 Third-Party/SEGGER/SEGGER/SEGGER_SYSVIEW.o
                0x0000000008004110                SEGGER_SYSVIEW_OnTaskStartExec
 .text.SEGGER_SYSVIEW_OnTaskStartReady
                0x0000000008004198       0x88 Third-Party/SEGGER/SEGGER/SEGGER_SYSVIEW.o
                0x0000000008004198                SEGGER_SYSVIEW_OnTaskStartReady
 .text.SEGGER_SYSVIEW_OnTaskStopReady
                0x0000000008004220       0xc0 Third-Party/SEGGER/SEGGER/SEGGER_SYSVIEW.o
                0x0000000008004220                SEGGER_SYSVIEW_OnTaskStopReady
 .text.SEGGER_SYSVIEW_ShrinkId
                0x00000000080042e0       0x24 Third-Party/SEGGER/SEGGER/SEGGER_SYSVIEW.o
                0x00000000080042e0                SEGGER_SYSVIEW_ShrinkId
 .text.SEGGER_SYSVIEW_SendModule
                0x0000000008004304      0x100 Third-Party/SEGGER/SEGGER/SEGGER_SYSVIEW.o
                0x0000000008004304                SEGGER_SYSVIEW_SendModule
 .text.SEGGER_SYSVIEW_SendModuleDescription
                0x0000000008004404       0x3c Third-Party/SEGGER/SEGGER/SEGGER_SYSVIEW.o
                0x0000000008004404                SEGGER_SYSVIEW_SendModuleDescription
 .text.SEGGER_SYSVIEW_SendNumModules
                0x0000000008004440       0x7c Third-Party/SEGGER/SEGGER/SEGGER_SYSVIEW.o
                0x0000000008004440                SEGGER_SYSVIEW_SendNumModules
 .text.SEGGER_SYSVIEW_Warn
                0x00000000080044bc       0xb8 Third-Party/SEGGER/SEGGER/SEGGER_SYSVIEW.o
                0x00000000080044bc                SEGGER_SYSVIEW_Warn
 .text.main     0x0000000008004574       0x68 src/main.o
                0x0000000008004574                main
 .text.Task1_Handler
                0x00000000080045dc       0x38 src/main.o
                0x00000000080045dc                Task1_Handler
 .text.SystemInit
                0x0000000008004614       0x6c src/system_stm32f4xx.o
                0x0000000008004614                SystemInit
 .text.SystemCoreClockUpdate
                0x0000000008004680       0xdc src/system_stm32f4xx.o
                0x0000000008004680                SystemCoreClockUpdate
 .text.SetSysClock
                0x000000000800475c       0xa0 src/system_stm32f4xx.o
 .text.Reset_Handler
                0x00000000080047fc       0x50 startup/startup_stm32f411xe.o
                0x00000000080047fc                Reset_Handler
 .text.Default_Handler
                0x000000000800484c        0x2 startup/startup_stm32f411xe.o
                0x000000000800484c                DMA1_Stream3_IRQHandler
                0x000000000800484c                EXTI2_IRQHandler
                0x000000000800484c                DebugMon_Handler
                0x000000000800484c                SPI4_IRQHandler
                0x000000000800484c                TIM1_CC_IRQHandler
                0x000000000800484c                DMA2_Stream5_IRQHandler
                0x000000000800484c                HardFault_Handler
                0x000000000800484c                DMA1_Stream5_IRQHandler
                0x000000000800484c                PVD_IRQHandler
                0x000000000800484c                SDIO_IRQHandler
                0x000000000800484c                TAMP_STAMP_IRQHandler
                0x000000000800484c                NMI_Handler
                0x000000000800484c                EXTI3_IRQHandler
                0x000000000800484c                TIM1_UP_TIM10_IRQHandler
                0x000000000800484c                I2C3_ER_IRQHandler
                0x000000000800484c                EXTI0_IRQHandler
                0x000000000800484c                I2C2_EV_IRQHandler
                0x000000000800484c                DMA1_Stream2_IRQHandler
                0x000000000800484c                FPU_IRQHandler
                0x000000000800484c                UsageFault_Handler
                0x000000000800484c                DMA2_Stream2_IRQHandler
                0x000000000800484c                SPI1_IRQHandler
                0x000000000800484c                TIM1_BRK_TIM9_IRQHandler
                0x000000000800484c                DMA2_Stream3_IRQHandler
                0x000000000800484c                USART6_IRQHandler
                0x000000000800484c                DMA2_Stream0_IRQHandler
                0x000000000800484c                TIM4_IRQHandler
                0x000000000800484c                I2C1_EV_IRQHandler
                0x000000000800484c                DMA1_Stream6_IRQHandler
                0x000000000800484c                DMA1_Stream1_IRQHandler
                0x000000000800484c                TIM3_IRQHandler
                0x000000000800484c                RCC_IRQHandler
                0x000000000800484c                Default_Handler
                0x000000000800484c                EXTI15_10_IRQHandler
                0x000000000800484c                ADC_IRQHandler
                0x000000000800484c                DMA1_Stream7_IRQHandler
                0x000000000800484c                SPI5_IRQHandler
                0x000000000800484c                TIM5_IRQHandler
                0x000000000800484c                DMA2_Stream7_IRQHandler
                0x000000000800484c                I2C3_EV_IRQHandler
                0x000000000800484c                EXTI9_5_IRQHandler
                0x000000000800484c                RTC_WKUP_IRQHandler
                0x000000000800484c                SPI2_IRQHandler
                0x000000000800484c                MemManage_Handler
                0x000000000800484c                DMA1_Stream0_IRQHandler
                0x000000000800484c                EXTI4_IRQHandler
                0x000000000800484c                WWDG_IRQHandler
                0x000000000800484c                TIM2_IRQHandler
                0x000000000800484c                OTG_FS_WKUP_IRQHandler
                0x000000000800484c                TIM1_TRG_COM_TIM11_IRQHandler
                0x000000000800484c                EXTI1_IRQHandler
                0x000000000800484c                USART2_IRQHandler
                0x000000000800484c                I2C2_ER_IRQHandler
                0x000000000800484c                DMA2_Stream1_IRQHandler
                0x000000000800484c                FLASH_IRQHandler
                0x000000000800484c                DMA2_Stream4_IRQHandler
                0x000000000800484c                BusFault_Handler
                0x000000000800484c                USART1_IRQHandler
                0x000000000800484c                OTG_FS_IRQHandler
                0x000000000800484c                SPI3_IRQHandler
                0x000000000800484c                DMA1_Stream4_IRQHandler
                0x000000000800484c                I2C1_ER_IRQHandler
                0x000000000800484c                DMA2_Stream6_IRQHandler
                0x000000000800484c                RTC_Alarm_IRQHandler
 *fill*         0x000000000800484e        0x2 
 .text.__libc_init_array
                0x0000000008004850       0x48 /Applications/Ac6/SystemWorkbench.app/Contents/Eclipse/plugins/fr.ac6.mcu.externaltools.arm-none.macos64_1.17.0.201812190825/tools/compiler/bin/../lib/gcc/arm-none-eabi/7.3.1/../../../../arm-none-eabi/lib/thumb/v7e-m/fpv4-sp/hard/libc.a(lib_a-init.o)
                0x0000000008004850                __libc_init_array
 .text.memcmp   0x0000000008004898       0x64 /Applications/Ac6/SystemWorkbench.app/Contents/Eclipse/plugins/fr.ac6.mcu.externaltools.arm-none.macos64_1.17.0.201812190825/tools/compiler/bin/../lib/gcc/arm-none-eabi/7.3.1/../../../../arm-none-eabi/lib/thumb/v7e-m/fpv4-sp/hard/libc.a(lib_a-memcmp.o)
                0x0000000008004898                memcmp
 .text.memset   0x00000000080048fc       0x94 /Applications/Ac6/SystemWorkbench.app/Contents/Eclipse/plugins/fr.ac6.mcu.externaltools.arm-none.macos64_1.17.0.201812190825/tools/compiler/bin/../lib/gcc/arm-none-eabi/7.3.1/../../../../arm-none-eabi/lib/thumb/v7e-m/fpv4-sp/hard/libc.a(lib_a-memset.o)
                0x00000000080048fc                memset
 .text.startup.register_fini
                0x0000000008004990       0x14 /Applications/Ac6/SystemWorkbench.app/Contents/Eclipse/plugins/fr.ac6.mcu.externaltools.arm-none.macos64_1.17.0.201812190825/tools/compiler/bin/../lib/gcc/arm-none-eabi/7.3.1/../../../../arm-none-eabi/lib/thumb/v7e-m/fpv4-sp/hard/libc.a(lib_a-__call_atexit.o)
 .text.atexit   0x00000000080049a4        0xc /Applications/Ac6/SystemWorkbench.app/Contents/Eclipse/plugins/fr.ac6.mcu.externaltools.arm-none.macos64_1.17.0.201812190825/tools/compiler/bin/../lib/gcc/arm-none-eabi/7.3.1/../../../../arm-none-eabi/lib/thumb/v7e-m/fpv4-sp/hard/libc.a(lib_a-atexit.o)
                0x00000000080049a4                atexit
 .text.__libc_fini_array
                0x00000000080049b0       0x34 /Applications/Ac6/SystemWorkbench.app/Contents/Eclipse/plugins/fr.ac6.mcu.externaltools.arm-none.macos64_1.17.0.201812190825/tools/compiler/bin/../lib/gcc/arm-none-eabi/7.3.1/../../../../arm-none-eabi/lib/thumb/v7e-m/fpv4-sp/hard/libc.a(lib_a-fini.o)
                0x00000000080049b0                __libc_fini_array
 .text.__retarget_lock_acquire_recursive
                0x00000000080049e4        0x4 /Applications/Ac6/SystemWorkbench.app/Contents/Eclipse/plugins/fr.ac6.mcu.externaltools.arm-none.macos64_1.17.0.201812190825/tools/compiler/bin/../lib/gcc/arm-none-eabi/7.3.1/../../../../arm-none-eabi/lib/thumb/v7e-m/fpv4-sp/hard/libc.a(lib_a-lock.o)
                0x00000000080049e4                __retarget_lock_acquire_recursive
 .text.__retarget_lock_release_recursive
                0x00000000080049e8        0x4 /Applications/Ac6/SystemWorkbench.app/Contents/Eclipse/plugins/fr.ac6.mcu.externaltools.arm-none.macos64_1.17.0.201812190825/tools/compiler/bin/../lib/gcc/arm-none-eabi/7.3.1/../../../../arm-none-eabi/lib/thumb/v7e-m/fpv4-sp/hard/libc.a(lib_a-lock.o)
                0x00000000080049e8                __retarget_lock_release_recursive
 .text.__register_exitproc
                0x00000000080049ec       0xc0 /Applications/Ac6/SystemWorkbench.app/Contents/Eclipse/plugins/fr.ac6.mcu.externaltools.arm-none.macos64_1.17.0.201812190825/tools/compiler/bin/../lib/gcc/arm-none-eabi/7.3.1/../../../../arm-none-eabi/lib/thumb/v7e-m/fpv4-sp/hard/libc.a(lib_a-__atexit.o)
                0x00000000080049ec                __register_exitproc
 *(.glue_7)
 .glue_7        0x0000000008004aac        0x0 linker stubs
 *(.glue_7t)
 .glue_7t       0x0000000008004aac        0x0 linker stubs
 *(.eh_frame)
 .eh_frame      0x0000000008004aac        0x0 /Applications/Ac6/SystemWorkbench.app/Contents/Eclipse/plugins/fr.ac6.mcu.externaltools.arm-none.macos64_1.17.0.201812190825/tools/compiler/bin/../lib/gcc/arm-none-eabi/7.3.1/thumb/v7e-m/fpv4-sp/hard/crtbegin.o
 *(.init)
 .init          0x0000000008004aac        0x4 /Applications/Ac6/SystemWorkbench.app/Contents/Eclipse/plugins/fr.ac6.mcu.externaltools.arm-none.macos64_1.17.0.201812190825/tools/compiler/bin/../lib/gcc/arm-none-eabi/7.3.1/thumb/v7e-m/fpv4-sp/hard/crti.o
                0x0000000008004aac                _init
 .init          0x0000000008004ab0        0x8 /Applications/Ac6/SystemWorkbench.app/Contents/Eclipse/plugins/fr.ac6.mcu.externaltools.arm-none.macos64_1.17.0.201812190825/tools/compiler/bin/../lib/gcc/arm-none-eabi/7.3.1/thumb/v7e-m/fpv4-sp/hard/crtn.o
 *(.fini)
 .fini          0x0000000008004ab8        0x4 /Applications/Ac6/SystemWorkbench.app/Contents/Eclipse/plugins/fr.ac6.mcu.externaltools.arm-none.macos64_1.17.0.201812190825/tools/compiler/bin/../lib/gcc/arm-none-eabi/7.3.1/thumb/v7e-m/fpv4-sp/hard/crti.o
                0x0000000008004ab8                _fini
 .fini          0x0000000008004abc        0x8 /Applications/Ac6/SystemWorkbench.app/Contents/Eclipse/plugins/fr.ac6.mcu.externaltools.arm-none.macos64_1.17.0.201812190825/tools/compiler/bin/../lib/gcc/arm-none-eabi/7.3.1/thumb/v7e-m/fpv4-sp/hard/crtn.o
                0x0000000008004ac4                . = ALIGN (0x4)
                0x0000000008004ac4                _etext = .

.vfp11_veneer   0x0000000008004ac4        0x0
 .vfp11_veneer  0x0000000008004ac4        0x0 linker stubs

.v4_bx          0x0000000008004ac4        0x0
 .v4_bx         0x0000000008004ac4        0x0 linker stubs

.iplt           0x0000000008004ac4        0x0
 .iplt          0x0000000008004ac4        0x0 /Applications/Ac6/SystemWorkbench.app/Contents/Eclipse/plugins/fr.ac6.mcu.externaltools.arm-none.macos64_1.17.0.201812190825/tools/compiler/bin/../lib/gcc/arm-none-eabi/7.3.1/thumb/v7e-m/fpv4-sp/hard/crtbegin.o

.rodata         0x0000000008004ac4       0xfc
                0x0000000008004ac4                . = ALIGN (0x4)
 *(.rodata)
 .rodata        0x0000000008004ac4        0x5 Third-Party/FreeRTOS/org/Source/tasks.o
 *fill*         0x0000000008004ac9        0x3 
 .rodata        0x0000000008004acc        0xd Third-Party/FreeRTOS/org/Source/timers.o
 *fill*         0x0000000008004ad9        0x3 
 .rodata        0x0000000008004adc       0x31 Third-Party/SEGGER/Config/SEGGER_SYSVIEW_Config_FreeRTOS.o
 *fill*         0x0000000008004b0d        0x3 
 .rodata        0x0000000008004b10       0x60 Third-Party/SEGGER/OS/SEGGER_SYSVIEW_FreeRTOS.o
                0x0000000008004b68                SYSVIEW_X_OS_TraceAPI
 .rodata        0x0000000008004b70       0x17 Third-Party/SEGGER/SEGGER/SEGGER_RTT.o
 *fill*         0x0000000008004b87        0x1 
 .rodata        0x0000000008004b88       0x24 Third-Party/SEGGER/SEGGER/SEGGER_SYSVIEW.o
 .rodata        0x0000000008004bac        0xf src/main.o
 *(.rodata*)
 *fill*         0x0000000008004bbb        0x1 
 .rodata._global_impure_ptr
                0x0000000008004bbc        0x4 /Applications/Ac6/SystemWorkbench.app/Contents/Eclipse/plugins/fr.ac6.mcu.externaltools.arm-none.macos64_1.17.0.201812190825/tools/compiler/bin/../lib/gcc/arm-none-eabi/7.3.1/../../../../arm-none-eabi/lib/thumb/v7e-m/fpv4-sp/hard/libc.a(lib_a-impure.o)
                0x0000000008004bbc                _global_impure_ptr
                0x0000000008004bc0                . = ALIGN (0x4)

.rel.dyn        0x0000000008004bc0        0x0
 .rel.iplt      0x0000000008004bc0        0x0 /Applications/Ac6/SystemWorkbench.app/Contents/Eclipse/plugins/fr.ac6.mcu.externaltools.arm-none.macos64_1.17.0.201812190825/tools/compiler/bin/../lib/gcc/arm-none-eabi/7.3.1/thumb/v7e-m/fpv4-sp/hard/crtbegin.o

.ARM.extab
 *(.ARM.extab* .gnu.linkonce.armextab.*)

.ARM            0x0000000008004bc0        0x0
                0x0000000008004bc0                __exidx_start = .
 *(.ARM.exidx*)
                0x0000000008004bc0                __exidx_end = .

.preinit_array  0x0000000008004bc0        0x0
                0x0000000008004bc0                PROVIDE (__preinit_array_start = .)
 *(.preinit_array*)
                0x0000000008004bc0                PROVIDE (__preinit_array_end = .)

.init_array     0x0000000008004bc0        0x8
                0x0000000008004bc0                PROVIDE (__init_array_start = .)
 *(SORT_BY_NAME(.init_array.*))
 .init_array.00000
                0x0000000008004bc0        0x4 /Applications/Ac6/SystemWorkbench.app/Contents/Eclipse/plugins/fr.ac6.mcu.externaltools.arm-none.macos64_1.17.0.201812190825/tools/compiler/bin/../lib/gcc/arm-none-eabi/7.3.1/../../../../arm-none-eabi/lib/thumb/v7e-m/fpv4-sp/hard/libc.a(lib_a-__call_atexit.o)
 *(.init_array*)
 .init_array    0x0000000008004bc4        0x4 /Applications/Ac6/SystemWorkbench.app/Contents/Eclipse/plugins/fr.ac6.mcu.externaltools.arm-none.macos64_1.17.0.201812190825/tools/compiler/bin/../lib/gcc/arm-none-eabi/7.3.1/thumb/v7e-m/fpv4-sp/hard/crtbegin.o
                0x0000000008004bc8                PROVIDE (__init_array_end = .)

.fini_array     0x0000000008004bc8        0x4
                0x0000000008004bc8                PROVIDE (__fini_array_start = .)
 *(SORT_BY_NAME(.fini_array.*))
 *(.fini_array*)
 .fini_array    0x0000000008004bc8        0x4 /Applications/Ac6/SystemWorkbench.app/Contents/Eclipse/plugins/fr.ac6.mcu.externaltools.arm-none.macos64_1.17.0.201812190825/tools/compiler/bin/../lib/gcc/arm-none-eabi/7.3.1/thumb/v7e-m/fpv4-sp/hard/crtbegin.o
                0x0000000008004bcc                PROVIDE (__fini_array_end = .)
                0x0000000008004bcc                _sidata = LOADADDR (.data)

.data           0x0000000020000000      0x44c load address 0x0000000008004bcc
                0x0000000020000000                . = ALIGN (0x4)
                0x0000000020000000                _sdata = .
 *(.data)
 .data          0x0000000020000000        0x4 Third-Party/FreeRTOS/org/Source/portable/GCC/ARM_CM4F/port.o
 .data          0x0000000020000004        0x1 src/main.o
                0x0000000020000004                UART_ACCESS_KEY
 *fill*         0x0000000020000005        0x3 
 .data          0x0000000020000008       0x14 src/system_stm32f4xx.o
                0x0000000020000008                SystemCoreClock
                0x000000002000000c                AHBPrescTable
 *(.data*)
 *fill*         0x000000002000001c        0x4 
 .data.impure_data
                0x0000000020000020      0x428 /Applications/Ac6/SystemWorkbench.app/Contents/Eclipse/plugins/fr.ac6.mcu.externaltools.arm-none.macos64_1.17.0.201812190825/tools/compiler/bin/../lib/gcc/arm-none-eabi/7.3.1/../../../../arm-none-eabi/lib/thumb/v7e-m/fpv4-sp/hard/libc.a(lib_a-impure.o)
 .data.__atexit_recursive_mutex
                0x0000000020000448        0x4 /Applications/Ac6/SystemWorkbench.app/Contents/Eclipse/plugins/fr.ac6.mcu.externaltools.arm-none.macos64_1.17.0.201812190825/tools/compiler/bin/../lib/gcc/arm-none-eabi/7.3.1/../../../../arm-none-eabi/lib/thumb/v7e-m/fpv4-sp/hard/libc.a(lib_a-__call_atexit.o)
                0x0000000020000448                __atexit_recursive_mutex
                0x000000002000044c                . = ALIGN (0x4)
                0x000000002000044c                _edata = .

.igot.plt       0x000000002000044c        0x0 load address 0x0000000008005018
 .igot.plt      0x000000002000044c        0x0 /Applications/Ac6/SystemWorkbench.app/Contents/Eclipse/plugins/fr.ac6.mcu.externaltools.arm-none.macos64_1.17.0.201812190825/tools/compiler/bin/../lib/gcc/arm-none-eabi/7.3.1/thumb/v7e-m/fpv4-sp/hard/crtbegin.o
                0x000000002000044c                . = ALIGN (0x4)

.bss            0x000000002000044c    0x15464 load address 0x0000000008005018
                0x000000002000044c                _sbss = .
                0x000000002000044c                __bss_start__ = _sbss
 *(.bss)
 .bss           0x000000002000044c       0x1c /Applications/Ac6/SystemWorkbench.app/Contents/Eclipse/plugins/fr.ac6.mcu.externaltools.arm-none.macos64_1.17.0.201812190825/tools/compiler/bin/../lib/gcc/arm-none-eabi/7.3.1/thumb/v7e-m/fpv4-sp/hard/crtbegin.o
 .bss           0x0000000020000468      0x104 Third-Party/FreeRTOS/org/Source/tasks.o
                0x0000000020000468                pxCurrentTCB
 .bss           0x000000002000056c       0x3c Third-Party/FreeRTOS/org/Source/timers.o
 .bss           0x00000000200005a8        0x8 Third-Party/FreeRTOS/org/Source/portable/GCC/ARM_CM4F/port.o
 .bss           0x00000000200005b0    0x12c18 Third-Party/FreeRTOS/org/Source/portable/MemMang/heap_4.o
 .bss           0x00000000200131c8       0xa4 Third-Party/SEGGER/OS/SEGGER_SYSVIEW_FreeRTOS.o
 .bss           0x000000002001326c      0x411 Third-Party/SEGGER/SEGGER/SEGGER_RTT.o
 *fill*         0x000000002001367d        0x3 
 .bss           0x0000000020013680     0x211b Third-Party/SEGGER/SEGGER/SEGGER_SYSVIEW.o
 *fill*         0x000000002001579b        0x1 
 .bss           0x000000002001579c        0x8 src/main.o
                0x000000002001579c                xTaskHandle1
                0x00000000200157a0                xTaskHandle2
 *(.bss*)
 *(COMMON)
 COMMON         0x00000000200157a4       0x40 Third-Party/FreeRTOS/org/Source/queue.o
                0x00000000200157a4                xQueueRegistry
 COMMON         0x00000000200157e4       0xa8 Third-Party/SEGGER/SEGGER/SEGGER_RTT.o
                0x00000000200157e4                _SEGGER_RTT
 COMMON         0x000000002001588c       0x21 /Applications/Ac6/SystemWorkbench.app/Contents/Eclipse/plugins/fr.ac6.mcu.externaltools.arm-none.macos64_1.17.0.201812190825/tools/compiler/bin/../lib/gcc/arm-none-eabi/7.3.1/../../../../arm-none-eabi/lib/thumb/v7e-m/fpv4-sp/hard/libc.a(lib_a-lock.o)
                0x000000002001588c                __lock___atexit_recursive_mutex
                0x0000000020015890                __lock___arc4random_mutex
                0x0000000020015894                __lock___env_recursive_mutex
                0x0000000020015898                __lock___sinit_recursive_mutex
                0x000000002001589c                __lock___malloc_recursive_mutex
                0x00000000200158a0                __lock___at_quick_exit_mutex
                0x00000000200158a4                __lock___dd_hash_mutex
                0x00000000200158a8                __lock___tz_mutex
                0x00000000200158ac                __lock___sfp_recursive_mutex
                0x00000000200158b0                . = ALIGN (0x4)
 *fill*         0x00000000200158ad        0x3 
                0x00000000200158b0                _ebss = .
                0x00000000200158b0                __bss_end__ = _ebss

._user_heap_stack
                0x00000000200158b0      0x600 load address 0x0000000008005018
                0x00000000200158b0                . = ALIGN (0x8)
                0x00000000200158b0                PROVIDE (end = .)
                [!provide]                        PROVIDE (_end = .)
                0x0000000020015ab0                . = (. + _Min_Heap_Size)
 *fill*         0x00000000200158b0      0x200 
                0x0000000020015eb0                . = (. + _Min_Stack_Size)
 *fill*         0x0000000020015ab0      0x400 
                0x0000000020015eb0                . = ALIGN (0x8)

/DISCARD/
 libc.a(*)
 libm.a(*)
 libgcc.a(*)

.ARM.attributes
                0x0000000000000000       0x30
 *(.ARM.attributes)
 .ARM.attributes
                0x0000000000000000       0x22 /Applications/Ac6/SystemWorkbench.app/Contents/Eclipse/plugins/fr.ac6.mcu.externaltools.arm-none.macos64_1.17.0.201812190825/tools/compiler/bin/../lib/gcc/arm-none-eabi/7.3.1/thumb/v7e-m/fpv4-sp/hard/crti.o
 .ARM.attributes
                0x0000000000000022       0x34 /Applications/Ac6/SystemWorkbench.app/Contents/Eclipse/plugins/fr.ac6.mcu.externaltools.arm-none.macos64_1.17.0.201812190825/tools/compiler/bin/../lib/gcc/arm-none-eabi/7.3.1/thumb/v7e-m/fpv4-sp/hard/crtbegin.o
 .ARM.attributes
                0x0000000000000056       0x39 StdPeriph_Driver/src/stm32f4xx_rcc.o
 .ARM.attributes
                0x000000000000008f       0x39 Third-Party/FreeRTOS/org/Source/list.o
 .ARM.attributes
                0x00000000000000c8       0x39 Third-Party/FreeRTOS/org/Source/queue.o
 .ARM.attributes
                0x0000000000000101       0x39 Third-Party/FreeRTOS/org/Source/tasks.o
 .ARM.attributes
                0x000000000000013a       0x39 Third-Party/FreeRTOS/org/Source/timers.o
 .ARM.attributes
                0x0000000000000173       0x39 Third-Party/FreeRTOS/org/Source/portable/GCC/ARM_CM4F/port.o
 .ARM.attributes
                0x00000000000001ac       0x39 Third-Party/FreeRTOS/org/Source/portable/MemMang/heap_4.o
 .ARM.attributes
                0x00000000000001e5       0x39 Third-Party/SEGGER/Config/SEGGER_SYSVIEW_Config_FreeRTOS.o
 .ARM.attributes
                0x000000000000021e       0x39 Third-Party/SEGGER/OS/SEGGER_SYSVIEW_FreeRTOS.o
 .ARM.attributes
                0x0000000000000257       0x39 Third-Party/SEGGER/SEGGER/SEGGER_RTT.o
 .ARM.attributes
                0x0000000000000290       0x39 Third-Party/SEGGER/SEGGER/SEGGER_SYSVIEW.o
 .ARM.attributes
                0x00000000000002c9       0x39 src/main.o
 .ARM.attributes
                0x0000000000000302       0x39 src/system_stm32f4xx.o
 .ARM.attributes
                0x000000000000033b       0x21 startup/startup_stm32f411xe.o
 .ARM.attributes
                0x000000000000035c       0x34 /Applications/Ac6/SystemWorkbench.app/Contents/Eclipse/plugins/fr.ac6.mcu.externaltools.arm-none.macos64_1.17.0.201812190825/tools/compiler/bin/../lib/gcc/arm-none-eabi/7.3.1/../../../../arm-none-eabi/lib/thumb/v7e-m/fpv4-sp/hard/libc.a(lib_a-impure.o)
 .ARM.attributes
                0x0000000000000390       0x34 /Applications/Ac6/SystemWorkbench.app/Contents/Eclipse/plugins/fr.ac6.mcu.externaltools.arm-none.macos64_1.17.0.201812190825/tools/compiler/bin/../lib/gcc/arm-none-eabi/7.3.1/../../../../arm-none-eabi/lib/thumb/v7e-m/fpv4-sp/hard/libc.a(lib_a-init.o)
 .ARM.attributes
                0x00000000000003c4       0x34 /Applications/Ac6/SystemWorkbench.app/Contents/Eclipse/plugins/fr.ac6.mcu.externaltools.arm-none.macos64_1.17.0.201812190825/tools/compiler/bin/../lib/gcc/arm-none-eabi/7.3.1/../../../../arm-none-eabi/lib/thumb/v7e-m/fpv4-sp/hard/libc.a(lib_a-memcmp.o)
 .ARM.attributes
                0x00000000000003f8       0x20 /Applications/Ac6/SystemWorkbench.app/Contents/Eclipse/plugins/fr.ac6.mcu.externaltools.arm-none.macos64_1.17.0.201812190825/tools/compiler/bin/../lib/gcc/arm-none-eabi/7.3.1/../../../../arm-none-eabi/lib/thumb/v7e-m/fpv4-sp/hard/libc.a(lib_a-memcpy.o)
 .ARM.attributes
                0x0000000000000418       0x34 /Applications/Ac6/SystemWorkbench.app/Contents/Eclipse/plugins/fr.ac6.mcu.externaltools.arm-none.macos64_1.17.0.201812190825/tools/compiler/bin/../lib/gcc/arm-none-eabi/7.3.1/../../../../arm-none-eabi/lib/thumb/v7e-m/fpv4-sp/hard/libc.a(lib_a-memset.o)
 .ARM.attributes
                0x000000000000044c       0x34 /Applications/Ac6/SystemWorkbench.app/Contents/Eclipse/plugins/fr.ac6.mcu.externaltools.arm-none.macos64_1.17.0.201812190825/tools/compiler/bin/../lib/gcc/arm-none-eabi/7.3.1/../../../../arm-none-eabi/lib/thumb/v7e-m/fpv4-sp/hard/libc.a(lib_a-__call_atexit.o)
 .ARM.attributes
                0x0000000000000480       0x34 /Applications/Ac6/SystemWorkbench.app/Contents/Eclipse/plugins/fr.ac6.mcu.externaltools.arm-none.macos64_1.17.0.201812190825/tools/compiler/bin/../lib/gcc/arm-none-eabi/7.3.1/../../../../arm-none-eabi/lib/thumb/v7e-m/fpv4-sp/hard/libc.a(lib_a-atexit.o)
 .ARM.attributes
                0x00000000000004b4       0x34 /Applications/Ac6/SystemWorkbench.app/Contents/Eclipse/plugins/fr.ac6.mcu.externaltools.arm-none.macos64_1.17.0.201812190825/tools/compiler/bin/../lib/gcc/arm-none-eabi/7.3.1/../../../../arm-none-eabi/lib/thumb/v7e-m/fpv4-sp/hard/libc.a(lib_a-fini.o)
 .ARM.attributes
                0x00000000000004e8       0x34 /Applications/Ac6/SystemWorkbench.app/Contents/Eclipse/plugins/fr.ac6.mcu.externaltools.arm-none.macos64_1.17.0.201812190825/tools/compiler/bin/../lib/gcc/arm-none-eabi/7.3.1/../../../../arm-none-eabi/lib/thumb/v7e-m/fpv4-sp/hard/libc.a(lib_a-lock.o)
 .ARM.attributes
                0x000000000000051c       0x34 /Applications/Ac6/SystemWorkbench.app/Contents/Eclipse/plugins/fr.ac6.mcu.externaltools.arm-none.macos64_1.17.0.201812190825/tools/compiler/bin/../lib/gcc/arm-none-eabi/7.3.1/../../../../arm-none-eabi/lib/thumb/v7e-m/fpv4-sp/hard/libc.a(lib_a-__atexit.o)
 .ARM.attributes
                0x0000000000000550       0x22 /Applications/Ac6/SystemWorkbench.app/Contents/Eclipse/plugins/fr.ac6.mcu.externaltools.arm-none.macos64_1.17.0.201812190825/tools/compiler/bin/../lib/gcc/arm-none-eabi/7.3.1/thumb/v7e-m/fpv4-sp/hard/crtn.o
OUTPUT(project.elf elf32-littlearm)

.debug_info     0x0000000000000000     0xebba
 .debug_info    0x0000000000000000      0xd6d StdPeriph_Driver/src/stm32f4xx_rcc.o
 .debug_info    0x0000000000000d6d      0xadb Third-Party/FreeRTOS/org/Source/list.o
 .debug_info    0x0000000000001848     0x1f3a Third-Party/FreeRTOS/org/Source/queue.o
 .debug_info    0x0000000000003782     0x279d Third-Party/FreeRTOS/org/Source/tasks.o
 .debug_info    0x0000000000005f1f     0x146e Third-Party/FreeRTOS/org/Source/timers.o
 .debug_info    0x000000000000738d      0x533 Third-Party/FreeRTOS/org/Source/portable/GCC/ARM_CM4F/port.o
 .debug_info    0x00000000000078c0      0xbfc Third-Party/FreeRTOS/org/Source/portable/MemMang/heap_4.o
 .debug_info    0x00000000000084bc      0x10f Third-Party/SEGGER/Config/SEGGER_SYSVIEW_Config_FreeRTOS.o
 .debug_info    0x00000000000085cb      0xb8d Third-Party/SEGGER/OS/SEGGER_SYSVIEW_FreeRTOS.o
 .debug_info    0x0000000000009158     0x16b9 Third-Party/SEGGER/SEGGER/SEGGER_RTT.o
 .debug_info    0x000000000000a811     0x3aea Third-Party/SEGGER/SEGGER/SEGGER_SYSVIEW.o
 .debug_info    0x000000000000e2fb      0x2df src/main.o
 .debug_info    0x000000000000e5da      0x5be src/system_stm32f4xx.o
 .debug_info    0x000000000000eb98       0x22 startup/startup_stm32f411xe.o

.debug_abbrev   0x0000000000000000     0x1de2
 .debug_abbrev  0x0000000000000000      0x1d4 StdPeriph_Driver/src/stm32f4xx_rcc.o
 .debug_abbrev  0x00000000000001d4      0x205 Third-Party/FreeRTOS/org/Source/list.o
 .debug_abbrev  0x00000000000003d9      0x352 Third-Party/FreeRTOS/org/Source/queue.o
 .debug_abbrev  0x000000000000072b      0x395 Third-Party/FreeRTOS/org/Source/tasks.o
 .debug_abbrev  0x0000000000000ac0      0x2fe Third-Party/FreeRTOS/org/Source/timers.o
 .debug_abbrev  0x0000000000000dbe      0x210 Third-Party/FreeRTOS/org/Source/portable/GCC/ARM_CM4F/port.o
 .debug_abbrev  0x0000000000000fce      0x2d4 Third-Party/FreeRTOS/org/Source/portable/MemMang/heap_4.o
 .debug_abbrev  0x00000000000012a2       0xb5 Third-Party/SEGGER/Config/SEGGER_SYSVIEW_Config_FreeRTOS.o
 .debug_abbrev  0x0000000000001357      0x223 Third-Party/SEGGER/OS/SEGGER_SYSVIEW_FreeRTOS.o
 .debug_abbrev  0x000000000000157a      0x2d6 Third-Party/SEGGER/SEGGER/SEGGER_RTT.o
 .debug_abbrev  0x0000000000001850      0x336 Third-Party/SEGGER/SEGGER/SEGGER_SYSVIEW.o
 .debug_abbrev  0x0000000000001b86      0x112 src/main.o
 .debug_abbrev  0x0000000000001c98      0x138 src/system_stm32f4xx.o
 .debug_abbrev  0x0000000000001dd0       0x12 startup/startup_stm32f411xe.o

.debug_aranges  0x0000000000000000      0xb10
 .debug_aranges
                0x0000000000000000      0x198 StdPeriph_Driver/src/stm32f4xx_rcc.o
 .debug_aranges
                0x0000000000000198       0x40 Third-Party/FreeRTOS/org/Source/list.o
 .debug_aranges
                0x00000000000001d8      0x130 Third-Party/FreeRTOS/org/Source/queue.o
 .debug_aranges
                0x0000000000000308      0x1f8 Third-Party/FreeRTOS/org/Source/tasks.o
 .debug_aranges
                0x0000000000000500       0xd0 Third-Party/FreeRTOS/org/Source/timers.o
 .debug_aranges
                0x00000000000005d0       0x80 Third-Party/FreeRTOS/org/Source/portable/GCC/ARM_CM4F/port.o
 .debug_aranges
                0x0000000000000650       0x50 Third-Party/FreeRTOS/org/Source/portable/MemMang/heap_4.o
 .debug_aranges
                0x00000000000006a0       0x28 Third-Party/SEGGER/Config/SEGGER_SYSVIEW_Config_FreeRTOS.o
 .debug_aranges
                0x00000000000006c8       0x48 Third-Party/SEGGER/OS/SEGGER_SYSVIEW_FreeRTOS.o
 .debug_aranges
                0x0000000000000710      0x110 Third-Party/SEGGER/SEGGER/SEGGER_RTT.o
 .debug_aranges
                0x0000000000000820      0x268 Third-Party/SEGGER/SEGGER/SEGGER_SYSVIEW.o
 .debug_aranges
                0x0000000000000a88       0x30 src/main.o
 .debug_aranges
                0x0000000000000ab8       0x30 src/system_stm32f4xx.o
 .debug_aranges
                0x0000000000000ae8       0x28 startup/startup_stm32f411xe.o

.debug_ranges   0x0000000000000000      0xa38
 .debug_ranges  0x0000000000000000      0x188 StdPeriph_Driver/src/stm32f4xx_rcc.o
 .debug_ranges  0x0000000000000188       0x30 Third-Party/FreeRTOS/org/Source/list.o
 .debug_ranges  0x00000000000001b8      0x120 Third-Party/FreeRTOS/org/Source/queue.o
 .debug_ranges  0x00000000000002d8      0x1e8 Third-Party/FreeRTOS/org/Source/tasks.o
 .debug_ranges  0x00000000000004c0       0xc0 Third-Party/FreeRTOS/org/Source/timers.o
 .debug_ranges  0x0000000000000580       0x70 Third-Party/FreeRTOS/org/Source/portable/GCC/ARM_CM4F/port.o
 .debug_ranges  0x00000000000005f0       0x40 Third-Party/FreeRTOS/org/Source/portable/MemMang/heap_4.o
 .debug_ranges  0x0000000000000630       0x18 Third-Party/SEGGER/Config/SEGGER_SYSVIEW_Config_FreeRTOS.o
 .debug_ranges  0x0000000000000648       0x38 Third-Party/SEGGER/OS/SEGGER_SYSVIEW_FreeRTOS.o
 .debug_ranges  0x0000000000000680      0x100 Third-Party/SEGGER/SEGGER/SEGGER_RTT.o
 .debug_ranges  0x0000000000000780      0x258 Third-Party/SEGGER/SEGGER/SEGGER_SYSVIEW.o
 .debug_ranges  0x00000000000009d8       0x20 src/main.o
 .debug_ranges  0x00000000000009f8       0x20 src/system_stm32f4xx.o
 .debug_ranges  0x0000000000000a18       0x20 startup/startup_stm32f411xe.o

.debug_macro    0x0000000000000000     0x1e9d
 .debug_macro   0x0000000000000000      0x25e StdPeriph_Driver/src/stm32f4xx_rcc.o
 .debug_macro   0x000000000000025e      0x1ba Third-Party/FreeRTOS/org/Source/list.o
 .debug_macro   0x0000000000000418      0x244 Third-Party/FreeRTOS/org/Source/queue.o
 .debug_macro   0x000000000000065c       0x16 Third-Party/FreeRTOS/org/Source/queue.o
 .debug_macro   0x0000000000000672       0x35 Third-Party/FreeRTOS/org/Source/queue.o
 .debug_macro   0x00000000000006a7       0x80 Third-Party/FreeRTOS/org/Source/queue.o
 .debug_macro   0x0000000000000727      0x2ae Third-Party/FreeRTOS/org/Source/tasks.o
 .debug_macro   0x00000000000009d5       0x10 Third-Party/FreeRTOS/org/Source/tasks.o
 .debug_macro   0x00000000000009e5      0x20f Third-Party/FreeRTOS/org/Source/timers.o
 .debug_macro   0x0000000000000bf4       0x97 Third-Party/FreeRTOS/org/Source/timers.o
 .debug_macro   0x0000000000000c8b      0x1d6 Third-Party/FreeRTOS/org/Source/portable/GCC/ARM_CM4F/port.o
 .debug_macro   0x0000000000000e61      0x1e1 Third-Party/FreeRTOS/org/Source/portable/MemMang/heap_4.o
 .debug_macro   0x0000000000001042      0x116 Third-Party/SEGGER/Config/SEGGER_SYSVIEW_Config_FreeRTOS.o
 .debug_macro   0x0000000000001158      0x1d0 Third-Party/SEGGER/OS/SEGGER_SYSVIEW_FreeRTOS.o
 .debug_macro   0x0000000000001328      0x164 Third-Party/SEGGER/SEGGER/SEGGER_RTT.o
 .debug_macro   0x000000000000148c       0x4f Third-Party/SEGGER/SEGGER/SEGGER_RTT.o
 .debug_macro   0x00000000000014db      0x115 Third-Party/SEGGER/SEGGER/SEGGER_RTT.o
 .debug_macro   0x00000000000015f0      0x1f8 Third-Party/SEGGER/SEGGER/SEGGER_SYSVIEW.o
 .debug_macro   0x00000000000017e8       0x67 Third-Party/SEGGER/SEGGER/SEGGER_SYSVIEW.o
 .debug_macro   0x000000000000184f       0x35 Third-Party/SEGGER/SEGGER/SEGGER_SYSVIEW.o
 .debug_macro   0x0000000000001884      0x11b Third-Party/SEGGER/SEGGER/SEGGER_SYSVIEW.o
 .debug_macro   0x000000000000199f      0x246 src/main.o
 .debug_macro   0x0000000000001be5      0x113 src/main.o
 .debug_macro   0x0000000000001cf8      0x1a5 src/system_stm32f4xx.o

.debug_line     0x0000000000000000     0x8a8e
 .debug_line    0x0000000000000000      0xa0a StdPeriph_Driver/src/stm32f4xx_rcc.o
 .debug_line    0x0000000000000a0a      0x6cb Third-Party/FreeRTOS/org/Source/list.o
 .debug_line    0x00000000000010d5     0x1033 Third-Party/FreeRTOS/org/Source/queue.o
 .debug_line    0x0000000000002108     0x13aa Third-Party/FreeRTOS/org/Source/tasks.o
 .debug_line    0x00000000000034b2      0xa3c Third-Party/FreeRTOS/org/Source/timers.o
 .debug_line    0x0000000000003eee      0x801 Third-Party/FreeRTOS/org/Source/portable/GCC/ARM_CM4F/port.o
 .debug_line    0x00000000000046ef      0x7b1 Third-Party/FreeRTOS/org/Source/portable/MemMang/heap_4.o
 .debug_line    0x0000000000004ea0      0x5ec Third-Party/SEGGER/Config/SEGGER_SYSVIEW_Config_FreeRTOS.o
 .debug_line    0x000000000000548c      0x75c Third-Party/SEGGER/OS/SEGGER_SYSVIEW_FreeRTOS.o
 .debug_line    0x0000000000005be8      0x83c Third-Party/SEGGER/SEGGER/SEGGER_RTT.o
 .debug_line    0x0000000000006424     0x170f Third-Party/SEGGER/SEGGER/SEGGER_SYSVIEW.o
 .debug_line    0x0000000000007b33      0x88b src/main.o
 .debug_line    0x00000000000083be      0x651 src/system_stm32f4xx.o
 .debug_line    0x0000000000008a0f       0x7f startup/startup_stm32f411xe.o

.debug_str      0x0000000000000000    0x64058
 .debug_str     0x0000000000000000    0x53aec StdPeriph_Driver/src/stm32f4xx_rcc.o
                                      0x53cf1 (size before relaxing)
 .debug_str     0x0000000000053aec     0x9d5c Third-Party/FreeRTOS/org/Source/list.o
                                       0xda8b (size before relaxing)
 .debug_str     0x000000000005d848     0x16bf Third-Party/FreeRTOS/org/Source/queue.o
                                       0xf13d (size before relaxing)
 .debug_str     0x000000000005ef07     0x1c5d Third-Party/FreeRTOS/org/Source/tasks.o
                                       0xff11 (size before relaxing)
 .debug_str     0x0000000000060b64      0x514 Third-Party/FreeRTOS/org/Source/timers.o
                                       0xf58e (size before relaxing)
 .debug_str     0x0000000000061078      0x7fb Third-Party/FreeRTOS/org/Source/portable/GCC/ARM_CM4F/port.o
                                       0xbc25 (size before relaxing)
 .debug_str     0x0000000000061873      0x249 Third-Party/FreeRTOS/org/Source/portable/MemMang/heap_4.o
                                       0xe27e (size before relaxing)
 .debug_str     0x0000000000061abc      0x153 Third-Party/SEGGER/Config/SEGGER_SYSVIEW_Config_FreeRTOS.o
                                       0xa687 (size before relaxing)
 .debug_str     0x0000000000061c0f       0xfb Third-Party/SEGGER/OS/SEGGER_SYSVIEW_FreeRTOS.o
                                       0xe07e (size before relaxing)
 .debug_str     0x0000000000061d0a      0xdca Third-Party/SEGGER/SEGGER/SEGGER_RTT.o
                                       0x6db3 (size before relaxing)
 .debug_str     0x0000000000062ad4     0x1308 Third-Party/SEGGER/SEGGER/SEGGER_SYSVIEW.o
                                       0x8d5b (size before relaxing)
 .debug_str     0x0000000000063ddc      0x14b src/main.o
                                      0x5a80f (size before relaxing)
 .debug_str     0x0000000000063f27      0x102 src/system_stm32f4xx.o
                                      0x531b2 (size before relaxing)
 .debug_str     0x0000000000064029       0x2f startup/startup_stm32f411xe.o
                                         0x58 (size before relaxing)

.comment        0x0000000000000000       0x7f
 .comment       0x0000000000000000       0x7f StdPeriph_Driver/src/stm32f4xx_rcc.o
                                         0x80 (size before relaxing)
 .comment       0x000000000000007f       0x80 Third-Party/FreeRTOS/org/Source/list.o
 .comment       0x000000000000007f       0x80 Third-Party/FreeRTOS/org/Source/queue.o
 .comment       0x000000000000007f       0x80 Third-Party/FreeRTOS/org/Source/tasks.o
 .comment       0x000000000000007f       0x80 Third-Party/FreeRTOS/org/Source/timers.o
 .comment       0x000000000000007f       0x80 Third-Party/FreeRTOS/org/Source/portable/GCC/ARM_CM4F/port.o
 .comment       0x000000000000007f       0x80 Third-Party/FreeRTOS/org/Source/portable/MemMang/heap_4.o
 .comment       0x000000000000007f       0x80 Third-Party/SEGGER/Config/SEGGER_SYSVIEW_Config_FreeRTOS.o
 .comment       0x000000000000007f       0x80 Third-Party/SEGGER/OS/SEGGER_SYSVIEW_FreeRTOS.o
 .comment       0x000000000000007f       0x80 Third-Party/SEGGER/SEGGER/SEGGER_RTT.o
 .comment       0x000000000000007f       0x80 Third-Party/SEGGER/SEGGER/SEGGER_SYSVIEW.o
 .comment       0x000000000000007f       0x80 src/main.o
 .comment       0x000000000000007f       0x80 src/system_stm32f4xx.o

.debug_frame    0x0000000000000000     0x3088
 .debug_frame   0x0000000000000000      0x774 StdPeriph_Driver/src/stm32f4xx_rcc.o
 .debug_frame   0x0000000000000774       0xd8 Third-Party/FreeRTOS/org/Source/list.o
 .debug_frame   0x000000000000084c      0x540 Third-Party/FreeRTOS/org/Source/queue.o
 .debug_frame   0x0000000000000d8c      0x8bc Third-Party/FreeRTOS/org/Source/tasks.o
 .debug_frame   0x0000000000001648      0x368 Third-Party/FreeRTOS/org/Source/timers.o
 .debug_frame   0x00000000000019b0      0x1a8 Third-Party/FreeRTOS/org/Source/portable/GCC/ARM_CM4F/port.o
 .debug_frame   0x0000000000001b58      0x108 Third-Party/FreeRTOS/org/Source/portable/MemMang/heap_4.o
 .debug_frame   0x0000000000001c60       0x48 Third-Party/SEGGER/Config/SEGGER_SYSVIEW_Config_FreeRTOS.o
 .debug_frame   0x0000000000001ca8      0x100 Third-Party/SEGGER/OS/SEGGER_SYSVIEW_FreeRTOS.o
 .debug_frame   0x0000000000001da8      0x478 Third-Party/SEGGER/SEGGER/SEGGER_RTT.o
 .debug_frame   0x0000000000002220      0xb5c Third-Party/SEGGER/SEGGER/SEGGER_SYSVIEW.o
 .debug_frame   0x0000000000002d7c       0x68 src/main.o
 .debug_frame   0x0000000000002de4       0x74 src/system_stm32f4xx.o
 .debug_frame   0x0000000000002e58       0x2c /Applications/Ac6/SystemWorkbench.app/Contents/Eclipse/plugins/fr.ac6.mcu.externaltools.arm-none.macos64_1.17.0.201812190825/tools/compiler/bin/../lib/gcc/arm-none-eabi/7.3.1/../../../../arm-none-eabi/lib/thumb/v7e-m/fpv4-sp/hard/libc.a(lib_a-init.o)
 .debug_frame   0x0000000000002e84       0x38 /Applications/Ac6/SystemWorkbench.app/Contents/Eclipse/plugins/fr.ac6.mcu.externaltools.arm-none.macos64_1.17.0.201812190825/tools/compiler/bin/../lib/gcc/arm-none-eabi/7.3.1/../../../../arm-none-eabi/lib/thumb/v7e-m/fpv4-sp/hard/libc.a(lib_a-memcmp.o)
 .debug_frame   0x0000000000002ebc       0x38 /Applications/Ac6/SystemWorkbench.app/Contents/Eclipse/plugins/fr.ac6.mcu.externaltools.arm-none.macos64_1.17.0.201812190825/tools/compiler/bin/../lib/gcc/arm-none-eabi/7.3.1/../../../../arm-none-eabi/lib/thumb/v7e-m/fpv4-sp/hard/libc.a(lib_a-memset.o)
 .debug_frame   0x0000000000002ef4       0x5c /Applications/Ac6/SystemWorkbench.app/Contents/Eclipse/plugins/fr.ac6.mcu.externaltools.arm-none.macos64_1.17.0.201812190825/tools/compiler/bin/../lib/gcc/arm-none-eabi/7.3.1/../../../../arm-none-eabi/lib/thumb/v7e-m/fpv4-sp/hard/libc.a(lib_a-__call_atexit.o)
 .debug_frame   0x0000000000002f50       0x20 /Applications/Ac6/SystemWorkbench.app/Contents/Eclipse/plugins/fr.ac6.mcu.externaltools.arm-none.macos64_1.17.0.201812190825/tools/compiler/bin/../lib/gcc/arm-none-eabi/7.3.1/../../../../arm-none-eabi/lib/thumb/v7e-m/fpv4-sp/hard/libc.a(lib_a-atexit.o)
 .debug_frame   0x0000000000002f70       0x34 /Applications/Ac6/SystemWorkbench.app/Contents/Eclipse/plugins/fr.ac6.mcu.externaltools.arm-none.macos64_1.17.0.201812190825/tools/compiler/bin/../lib/gcc/arm-none-eabi/7.3.1/../../../../arm-none-eabi/lib/thumb/v7e-m/fpv4-sp/hard/libc.a(lib_a-fini.o)
 .debug_frame   0x0000000000002fa4       0xb0 /Applications/Ac6/SystemWorkbench.app/Contents/Eclipse/plugins/fr.ac6.mcu.externaltools.arm-none.macos64_1.17.0.201812190825/tools/compiler/bin/../lib/gcc/arm-none-eabi/7.3.1/../../../../arm-none-eabi/lib/thumb/v7e-m/fpv4-sp/hard/libc.a(lib_a-lock.o)
 .debug_frame   0x0000000000003054       0x34 /Applications/Ac6/SystemWorkbench.app/Contents/Eclipse/plugins/fr.ac6.mcu.externaltools.arm-none.macos64_1.17.0.201812190825/tools/compiler/bin/../lib/gcc/arm-none-eabi/7.3.1/../../../../arm-none-eabi/lib/thumb/v7e-m/fpv4-sp/hard/libc.a(lib_a-__atexit.o)
